exports[`test renders empty file without crashing 1`] = `<div />`;

exports[`test renders real file without crashing 1`] = `
<div>
  <img
    alt="Foo"
    src="http://demo.opium.sitioweb.fr/2010-mavericks-competition-edit1-jpg"
    style={
      Object {
        "maxWidth": "100%",
      }
    } />
</div>
`;
