exports[`test renders login 1`] = `
<div
  className="Login__Container">
  <form
    className="Login"
    onSubmit={[Function]}>
    <div>
      Demo credentials are:
      <ul>
        <li>
          <div>
            Basic user
          </div>
          <ul>
            <li>
              login: \"test\"
            </li>
            <li>
               password: \"test\"
            </li>
          </ul>
        </li>
        <li>
          <div>
            Admin user
          </div>
          <ul>
            <li>
              login: \"admin\"
            </li>
            <li>
               password: \"admin\"
            </li>
          </ul>
        </li>
      </ul>
    </div>
    <div
      className="Login__InputContainer">
      <label>
        <div>
          Login
        </div>
        <input
          className="Login__Input"
          onChange={[Function]}
          placeholder="login"
          type="text"
          value="" />
      </label>
    </div>
    <div
      className="Login__InputContainer">
      <label>
        <div>
          Password
        </div>
        <input
          className="Login__Input"
          onChange={[Function]}
          placeholder="password"
          type="password"
          value="" />
      </label>
    </div>
    <button
      className="Login__Input Login__Input--Submit"
      type="submit">
      Sign in
    </button>
  </form>
</div>
`;
